APPEND               0
ASSIGN               1
BLOCKREAD            4
BLOCKWRITE           5
BREAK                6
CHDIR                8
CLI                  9
CLOSE                10
CONCAT               11
CONTINUE             12
DEC                  13
DELETE               14
DISABLE              9
DISPOSE              15
ENABLE               19
ERASE                21
EXCLUDE              22
EXIT                 23
FILLCHAR             24
FLUSH                25
FREEMEM              27
GENINTERRUPT         28
GETDIR               29
GETMEM               30
HALT                 32
INC                  34
INSERT               36
INTR                 28
MARK                 29
MEM                  30
MEMW                 31
MKDIR                32
MOVE                 33
MOVELEFT             33
MOVERIGHT            34
MSDOS                35
NEW                  36
PORT                 37
PORTW                38
RANDOMIZE            39
READ                 40
READLN               41
RELEASE              42
RENAME               43
RESET                45
REWRITE              46
RMDIR                47
RUNERROR             48
SEEK                 49
SETTEXTBUF           50
STI                  51
STR                  52
VAL                  54
WRITE                57
WRITELN              58
_CF                  66
_DF                  70
_IF                  87
