ABSOLUE              27
ABSOLUTE             27
ALLERA               24
ALORS                22
AND                  28
ARRAY                29
ASM                  0
ASSEMBLE             0
ASSEMBLER            30
ASSEMBLEUR           30
AUTREMENT            21
AVEC                 49
BEGIN                1
BIBLIOTHEQUE         11
CAS                  31
CASE                 31
CODECONST            2
CONST                3
CONSTANT             3
CONSTANTE            3
CONSTRUCTEUR         32
CONSTRUCTOR          32
CSCONST              2
CSDATA               2
DANS                 37
DE                   43
DEBUT                1
DECALD               55
DECALG               54
DED                  55
DEG                  54
DESTRUCTEUR          33
DESTRUCTOR           33
DIV                  50
DO                   34
DUPLICATE            59
DUPLICATION          59
DUPLIQUE             59
ELIF                 58
ELSE                 21
ELSEIF               58
ELSIF                58
END                  19
ENLIGNE              39
ENREGISTREMENT       45
ENSEMBLE             46
ET                   28
ETIQUETTE            40
EXPORTS              4
FAIRE                34
FAR                  35
FICHIER              36
FILE                 36
FIN                  19
FINALISATION         5
FINALIZATION         5
FONCTION             6
FOR                  23
FUNCTION             6
GOTO                 24
HERITIER             38
IF                   20
IMPLEMENTATION       7
IN                   37
INCLUDE              8
INHERITED            38
INLINE               39
INITIALISATION       9
INITIALIZATION       9
INTERFACE            10
INTERRUPT            57
JUSQUA               47
LABEL                40
LIBRARY              11
LOIN                 35
MACRO                12
MOD                  51
NEAR                 41
NOT                  52
OBJECT               42
OBJET                42
OF                   43
OR                   53
OU                   53
OUX                  56
PACKED               44
PAQUET               44
PAS                  52
POUR                 23
PROCEDURE            13
PROCHE               41
PROGRAM              14
PROGRAMME            14
RANGEE               29
RECORD               45
REGISTER             60
REGISTRE             60
REPEAT               26
REPETER              26
SET                  46
SHL                  54
SHR                  55
SI                   20
SINON                21
TANTQUE              25
THEN                 22
TO                   47
TTQ                  25
TYPE                 15
TYPEDEF              15
UNIT                 16
UNITE                16
USES                 17
UTILISES             17
VAR                  18
VARIABLE             18
VIRTUAL              48
VIRTUEL              48
WHILE                25
WITH                 49
XOR                  56