A                76
AE               72
AF               76
B                73
BE               77
BF               73
C                73
CARRY            73
CARRYFLAG        73
CF               73
E                75
EF               75
EQUAL            75
EQUALFLAG        75
G                7E
GE               7C
GF               7E
GREAT            7E
GREATEQUAL       7C
L                7D
LE               7F
LESS             7D
LESSEQUAL        7F
LF               7D
N0               74
NA               77
NB               72
NBE              76
NC               72
NE               74
NG               7F
NGE              7D
NL               7C
NLE              7E
NO               70
NOT0             74
NOTEQUAL         74
NOTGREAT         7F
NOTGREATEQUAL    7D
NOTOVERFLOWFLAG  70
NOTPARITY        7A
NOTPARITYFLAG    7A
NOTSIGN          78
NOTSIGNFLAG      78
NOTZERO          74
NP               7A
NPF              7A
NS               78
NSF              78
NZ               74
NZERO            74
O                71
OF               71
OVERFLOW         71
OVERFLOWFLAG     71
P                7B
PARITY           7B
PARITYFLAG       7B
PF               7B
S                79
SF               79
SIGN             79
SIGNFLAG         79
Z                75
ZF               75
ZERO             75
ZEROFLAG         75